
> temp-app@0.1.0 test
> jest tests/workflow-engine.test.ts

node.exe : FAIL tests/workflow-engine.test.ts
At line:1 char:1
+ & "C:\Program Files\nodejs/node.exe" "C:\Program Files\nodejs/node_mo 
...
+ ~~~~~~~~~~~~~~~~~~~~~~~~~~~~~~~~~~~~~~~~~~~~~~~~~~~~~~~~~~~~~~~~~~~~~
    + CategoryInfo          : NotSpecified: (FAIL tests/workflow-engine 
   .test.ts:String) [], RemoteException
    + FullyQualifiedErrorId : NativeCommandError
 
  WorkflowResolverService
    findMatchingPolicies
      ├ù should find matching policies for a simple request (2 ms)
      ΓêÜ should throw error if user not found (1 ms)
    resolveStep
      ├ù should resolve specific user
      ├ù should include requester in raw resolution (filtering happens 
in withSafety) (1 ms)
      ├ù should resolve department managers
    isSelfApproval
      ├ù should return true if IDs match (1 ms)
      ├ù should return false if IDs differ
    Safety Net / Fallbacks
      ├ù should fallback to company admins when no resolvers matches 
(Level 3)
      ├ù should return department managers as Level 2 fallback (1 ms)
    resolveStepWithSafety
      ├ù should use fallback if normal resolution returns no valid 
approvers (2 ms)
      ├ù should mark step as skipped if all resolvers were the 
requester (Self-Approval) (2 ms)

  ΓùÅ WorkflowResolverService ΓÇ║ findMatchingPolicies ΓÇ║ should find 
matching policies for a simple request

    TypeError: Cannot read properties of undefined (reading 'findMany')

    [0m [90m 87 |[39m
     [90m 88 |[39m         [90m// 3. Recupero Workflow attivi[39m
    [31m[1m>[22m[39m[90m 89 |[39m         [36mconst[39m 
workflows [33m=[39m [36mawait[39m 
prisma[33m.[39mworkflow[33m.[39mfindMany({
     [90m    |[39m                                                 
[31m[1m^[22m[39m
     [90m 90 |[39m             where[33m:[39m { 
companyId[33m:[39m user[33m.[39mcompanyId[33m,[39m 
isActive[33m:[39m [36mtrue[39m }
     [90m 91 |[39m         })[33m;[39m
     [90m 92 |[39m[0m

      at WorkflowResolverService.findMany [as findMatchingPolicies] 
(lib/services/workflow-resolver-service.ts:89:49)
      at Object.<anonymous> (tests/workflow-engine.test.ts:54:30)

  ΓùÅ WorkflowResolverService ΓÇ║ resolveStep ΓÇ║ should resolve 
specific user

    TypeError: 
_workflowresolverservice.WorkflowResolverService.resolveStep is not a 
function

    [0m [90m 85 |[39m             }[33m;[39m
     [90m 86 |[39m
    [31m[1m>[22m[39m[90m 87 |[39m             [36mconst[39m 
resolvers [33m=[39m [36mawait[39m 
[33mWorkflowResolverService[39m[33m.[39mresolveStep(step[33m,[39m 
mockContext)[33m;[39m
     [90m    |[39m                                                    
         [31m[1m^[22m[39m
     [90m 88 |[39m             
expect(resolvers)[33m.[39mtoEqual([[32m'user-2'[39m])[33m;[39m
     [90m 89 |[39m         })[33m;[39m
     [90m 90 |[39m[0m

      at Object.resolveStep (tests/workflow-engine.test.ts:87:61)

  ΓùÅ WorkflowResolverService ΓÇ║ resolveStep ΓÇ║ should include 
requester in raw resolution (filtering happens in withSafety)

    TypeError: 
_workflowresolverservice.WorkflowResolverService.resolveStep is not a 
function

    [0m [90m  96 |[39m             }[33m;[39m
     [90m  97 |[39m
    [31m[1m>[22m[39m[90m  98 |[39m             [36mconst[39m 
resolvers [33m=[39m [36mawait[39m 
[33mWorkflowResolverService[39m[33m.[39mresolveStep(step[33m,[39m 
mockContext)[33m;[39m
     [90m     |[39m                                                   
          [31m[1m^[22m[39m
     [90m  99 |[39m             
expect(resolvers)[33m.[39mtoEqual([[32m'user-1'[39m])[33m;[39m
     [90m 100 |[39m         })[33m;[39m
     [90m 101 |[39m[0m

      at Object.resolveStep (tests/workflow-engine.test.ts:98:61)

  ΓùÅ WorkflowResolverService ΓÇ║ resolveStep ΓÇ║ should resolve 
department managers

    TypeError: 
_workflowresolverservice.WorkflowResolverService.resolveStep is not a 
function

    [0m [90m 112 |[39m             prismaMock[33m.[39muser[33m.[3
9mfindMany[33m.[39mmockResolvedValue([{ id[33m:[39m 
[32m'manager-1'[39m }[33m,[39m { id[33m:[39m [32m'boss-1'[39m 
}] [36mas[39m any)[33m;[39m
     [90m 113 |[39m
    [31m[1m>[22m[39m[90m 114 |[39m             [36mconst[39m 
resolvers [33m=[39m [36mawait[39m 
[33mWorkflowResolverService[39m[33m.[39mresolveStep(step[33m,[39m 
mockContext)[33m;[39m
     [90m     |[39m                                                   
          [31m[1m^[22m[39m
     [90m 115 |[39m             
expect(resolvers)[33m.[39mtoContain([32m'manager-1'[39m)[33m;[39m
     [90m 116 |[39m             
expect(resolvers)[33m.[39mtoContain([32m'boss-1'[39m)[33m;[39m
     [90m 117 |[39m         })[33m;[39m[0m

      at Object.resolveStep (tests/workflow-engine.test.ts:114:61)

  ΓùÅ WorkflowResolverService ΓÇ║ isSelfApproval ΓÇ║ should return true 
if IDs match

    TypeError: 
_workflowresolverservice.WorkflowResolverService.isSelfApproval is not 
a function

    [0m [90m 120 |[39m     
describe([32m'isSelfApproval'[39m[33m,[39m () [33m=>[39m {
     [90m 121 |[39m         it([32m'should return true if IDs 
match'[39m[33m,[39m () [33m=>[39m {
    [31m[1m>[22m[39m[90m 122 |[39m             expect([33mWorkflo
wResolverService[39m[33m.[39misSelfApproval([32m'user-1'[39m[33m,
[39m [32m'user-1'[39m))[33m.[39mtoBe([36mtrue[39m)[33m;[39m
     [90m     |[39m                                            
[31m[1m^[22m[39m
     [90m 123 |[39m         })[33m;[39m
     [90m 124 |[39m
     [90m 125 |[39m         it([32m'should return false if IDs 
differ'[39m[33m,[39m () [33m=>[39m {[0m

      at Object.isSelfApproval (tests/workflow-engine.test.ts:122:44)

  ΓùÅ WorkflowResolverService ΓÇ║ isSelfApproval ΓÇ║ should return 
false if IDs differ

    TypeError: 
_workflowresolverservice.WorkflowResolverService.isSelfApproval is not 
a function

    [0m [90m 124 |[39m
     [90m 125 |[39m         it([32m'should return false if IDs 
differ'[39m[33m,[39m () [33m=>[39m {
    [31m[1m>[22m[39m[90m 126 |[39m             expect([33mWorkflo
wResolverService[39m[33m.[39misSelfApproval([32m'user-1'[39m[33m,
[39m [32m'user-2'[39m))[33m.[39mtoBe([36mfalse[39m)[33m;[39m
     [90m     |[39m                                            
[31m[1m^[22m[39m
     [90m 127 |[39m         })[33m;[39m
     [90m 128 |[39m     })[33m;[39m
     [90m 129 |[39m[0m

      at Object.isSelfApproval (tests/workflow-engine.test.ts:126:44)

  ΓùÅ WorkflowResolverService ΓÇ║ Safety Net / Fallbacks ΓÇ║ should 
fallback to company admins when no resolvers matches (Level 3)

    TypeError: _workflowresolverservice.WorkflowResolverService.getCompa
nyAdminFallback is not a function

    [0m [90m 142 |[39m             prismaMock[33m.[39muser[33m.[3
9mfindMany[33m.[39mmockResolvedValue([{ id[33m:[39m 
[32m'admin-1'[39m }] [36mas[39m any)[33m;[39m
     [90m 143 |[39m
    [31m[1m>[22m[39m[90m 144 |[39m             [36mconst[39m 
fallback [33m=[39m [36mawait[39m [33mWorkflowResolverService[39m[
33m.[39mgetCompanyAdminFallback([32m'company-1'[39m[33m,[39m 
[32m'requester-1'[39m)[33m;[39m
     [90m     |[39m                                                   
         [31m[1m^[22m[39m
     [90m 145 |[39m             
expect(fallback)[33m.[39mtoEqual([[32m'admin-1'[39m])[33m;[39m
     [90m 146 |[39m             expect(prismaMock[33m.[39muser[33m.
[39mfindMany)[33m.[39mtoHaveBeenCalledWith(expect[33m.[39mobjectCon
taining({
     [90m 147 |[39m                 where[33m:[39m 
expect[33m.[39mobjectContaining({[0m

      at Object.getCompanyAdminFallback 
(tests/workflow-engine.test.ts:144:60)

  ΓùÅ WorkflowResolverService ΓÇ║ Safety Net / Fallbacks ΓÇ║ should 
return department managers as Level 2 fallback

    TypeError: _workflowresolverservice.WorkflowResolverService.getDepar
tmentManagerFallback is not a function

    [0m [90m 158 |[39m             prismaMock[33m.[39muser[33m.[3
9mfindMany[33m.[39mmockResolvedValue([{ id[33m:[39m 
[32m'dept-mgr-1'[39m }] [36mas[39m any)[33m;[39m
     [90m 159 |[39m
    [31m[1m>[22m[39m[90m 160 |[39m             [36mconst[39m 
fallback [33m=[39m [36mawait[39m [33mWorkflowResolverService[39m[
33m.[39mgetDepartmentManagerFallback([32m'dept-1'[39m[33m,[39m 
[32m'company-1'[39m[33m,[39m [32m'requester-1'[39m)[33m;[39m
     [90m     |[39m                                                   
         [31m[1m^[22m[39m
     [90m 161 |[39m             
expect(fallback)[33m.[39mtoEqual([[32m'dept-mgr-1'[39m])[33m;[39m
     [90m 162 |[39m         })[33m;[39m
     [90m 163 |[39m     })[33m;[39m[0m

      at Object.getDepartmentManagerFallback 
(tests/workflow-engine.test.ts:160:60)

  ΓùÅ WorkflowResolverService ΓÇ║ resolveStepWithSafety ΓÇ║ should use 
fallback if normal resolution returns no valid approvers

    expect(received).toBe(expected) // Object.is equality

    Expected: true
    Received: false

    [0m [90m 190 |[39m
     [90m 191 |[39m             expect(result[33m.[39mresolverIds)[
33m.[39mtoEqual([[32m'admin-1'[39m])[33m;[39m
    [31m[1m>[22m[39m[90m 192 |[39m             expect(result[33m.
[39mfallbackUsed)[33m.[39mtoBe([36mtrue[39m)[33m;[39m
     [90m     |[39m                                         
[31m[1m^[22m[39m
     [90m 193 |[39m         })[33m;[39m
     [90m 194 |[39m
     [90m 195 |[39m         it([32m'should mark step as skipped if 
all resolvers were the requester (Self-Approval)'[39m[33m,[39m 
[36masync[39m () [33m=>[39m {[0m

      at Object.toBe (tests/workflow-engine.test.ts:192:41)

  ΓùÅ WorkflowResolverService ΓÇ║ resolveStepWithSafety ΓÇ║ should mark 
step as skipped if all resolvers were the requester (Self-Approval)

    expect(received).toEqual(expected) // deep equality

    - Expected  - 1
    + Received  + 1

      Array [
    -   "admin-1",
    +   "dept-mgr-1",
      ]

    [0m [90m 205 |[39m             [36mconst[39m result 
[33m=[39m [36mawait[39m [33mWorkflowResolverService[39m[33m.[39m
resolveStepWithSafety(step[33m,[39m mockContext)[33m;[39m
     [90m 206 |[39m
    [31m[1m>[22m[39m[90m 207 |[39m             expect(result[33m.
[39mresolverIds)[33m.[39mtoEqual([[32m'admin-1'[39m])[33m;[39m
     [90m     |[39m                                        
[31m[1m^[22m[39m
     [90m 208 |[39m             expect(result[33m.[39mstepSkipped)[
33m.[39mtoBe([36mtrue[39m)[33m;[39m
     [90m 209 |[39m         })[33m;[39m
     [90m 210 |[39m     })[33m;[39m[0m

      at Object.toEqual (tests/workflow-engine.test.ts:207:40)

Test Suites: 1 failed, 1 total
Tests:       10 failed, 1 passed, 11 total
Snapshots:   0 total
Time:        0.374 s, estimated 1 s
Ran all test suites matching tests/workflow-engine.test.ts.
