node.exe : FAIL tests/workflow/workflow-engine-runtime.test.ts
At line:1 char:1
+ & "C:\Program Files\nodejs/node.exe" "C:\Program Files\nodejs/node_mo 
...
+ ~~~~~~~~~~~~~~~~~~~~~~~~~~~~~~~~~~~~~~~~~~~~~~~~~~~~~~~~~~~~~~~~~~~~~
    + CategoryInfo          : NotSpecified: (FAIL tests/work...runtime. 
   test.ts:String) [], RemoteException
    + FullyQualifiedErrorId : NativeCommandError
 
  Workflow Engine Runtime - Task 4.1
    ├ù matches approval rules using active project roles for explicit 
project context (2 ms)
    ├ù supports explicit Any matching and filters inactive related 
entities
    ├ù evaluates only the explicit project context when projectId is 
provided (1 ms)
  Workflow Engine Runtime - Task 4.2
    ΓêÜ builds independent sub-flows per policy-role context with 
deterministic step ordering (9 ms)
    ΓêÜ marks self-approval as skipped and injects fallback during 
sub-flow generation
    ├ù resolves approvers only for the explicit project context
    ├ù applies same-area filtering when approverAreaConstraint is 
lowercase alias (1 ms)
  Workflow Engine Runtime - Task 4.3
    ΓêÜ returns PENDING/NEW when at least one sub-flow still has 
required pending steps
    ΓêÜ returns REJECTED when any sub-flow contains a rejected required 
step
    ΓêÜ returns APPROVED only when all required steps are closed 
(including skipped/auto-approved)
  Workflow Engine Runtime - Task 4.4
    ΓêÜ maps persisted approvalStep rows to NEW when any required step 
is still pending
    ΓêÜ maps persisted approvalStep rows to APPROVED only when all 
steps are approved (1 ms)
    ΓêÜ maps persisted approvalStep rows to REJECTED when any step is 
rejected
  Workflow Engine Runtime - Task 5.5
    ΓêÜ validates aggregate outcomes for mixed 
approve/reject/auto-approve paths across sub-flows
    ΓêÜ validates fallback behavior when primary approvers are self, 
inactive, or missing (1 ms)
    ├ù matches multi-role policies across multiple active projects

  ΓùÅ Workflow Engine Runtime - Task 4.1 ΓÇ║ matches approval rules 
using active project roles for explicit project context

    TypeError: Cannot read properties of undefined (reading 'findMany')

    [0m [90m 104 |[39m
     [90m 105 |[39m         [90m// 3. Fetch all active workflows for 
the company[39m
    [31m[1m>[22m[39m[90m 106 |[39m         [36mconst[39m 
workflows [33m=[39m [36mawait[39m 
prisma[33m.[39mworkflow[33m.[39mfindMany({
     [90m     |[39m                                                 
[31m[1m^[22m[39m
     [90m 107 |[39m             where[33m:[39m {
     [90m 108 |[39m                 companyId[33m:[39m 
user[33m.[39mcompanyId[33m,[39m
     [90m 109 |[39m                 isActive[33m:[39m 
[36mtrue[39m[33m,[39m[0m

      at WorkflowResolverService.findMany [as findMatchingPolicies] 
(lib/services/workflow-resolver-service.ts:106:49)
      at Object.<anonymous> 
(tests/workflow/workflow-engine-runtime.test.ts:94:26)

  ΓùÅ Workflow Engine Runtime - Task 4.1 ΓÇ║ supports explicit Any 
matching and filters inactive related entities

    TypeError: Cannot read properties of undefined (reading 'findMany')

    [0m [90m 104 |[39m
     [90m 105 |[39m         [90m// 3. Fetch all active workflows for 
the company[39m
    [31m[1m>[22m[39m[90m 106 |[39m         [36mconst[39m 
workflows [33m=[39m [36mawait[39m 
prisma[33m.[39mworkflow[33m.[39mfindMany({
     [90m     |[39m                                                 
[31m[1m^[22m[39m
     [90m 107 |[39m             where[33m:[39m {
     [90m 108 |[39m                 companyId[33m:[39m 
user[33m.[39mcompanyId[33m,[39m
     [90m 109 |[39m                 isActive[33m:[39m 
[36mtrue[39m[33m,[39m[0m

      at WorkflowResolverService.findMany [as findMatchingPolicies] 
(lib/services/workflow-resolver-service.ts:106:49)
      at Object.<anonymous> 
(tests/workflow/workflow-engine-runtime.test.ts:172:26)

  ΓùÅ Workflow Engine Runtime - Task 4.1 ΓÇ║ evaluates only the 
explicit project context when projectId is provided

    TypeError: Cannot read properties of undefined (reading 'findMany')

    [0m [90m 104 |[39m
     [90m 105 |[39m         [90m// 3. Fetch all active workflows for 
the company[39m
    [31m[1m>[22m[39m[90m 106 |[39m         [36mconst[39m 
workflows [33m=[39m [36mawait[39m 
prisma[33m.[39mworkflow[33m.[39mfindMany({
     [90m     |[39m                                                 
[31m[1m^[22m[39m
     [90m 107 |[39m             where[33m:[39m {
     [90m 108 |[39m                 companyId[33m:[39m 
user[33m.[39mcompanyId[33m,[39m
     [90m 109 |[39m                 isActive[33m:[39m 
[36mtrue[39m[33m,[39m[0m

      at WorkflowResolverService.findMany [as findMatchingPolicies] 
(lib/services/workflow-resolver-service.ts:106:49)
      at Object.<anonymous> 
(tests/workflow/workflow-engine-runtime.test.ts:218:26)

  ΓùÅ Workflow Engine Runtime - Task 4.2 ΓÇ║ resolves approvers only 
for the explicit project context

    TypeError: Cannot read properties of undefined (reading 'findMany')

    [0m [90m 104 |[39m
     [90m 105 |[39m         [90m// 3. Fetch all active workflows for 
the company[39m
    [31m[1m>[22m[39m[90m 106 |[39m         [36mconst[39m 
workflows [33m=[39m [36mawait[39m 
prisma[33m.[39mworkflow[33m.[39mfindMany({
     [90m     |[39m                                                 
[31m[1m^[22m[39m
     [90m 107 |[39m             where[33m:[39m {
     [90m 108 |[39m                 companyId[33m:[39m 
user[33m.[39mcompanyId[33m,[39m
     [90m 109 |[39m                 isActive[33m:[39m 
[36mtrue[39m[33m,[39m[0m

      at WorkflowResolverService.findMany [as findMatchingPolicies] 
(lib/services/workflow-resolver-service.ts:106:49)
      at Object.<anonymous> 
(tests/workflow/workflow-engine-runtime.test.ts:389:26)

  ΓùÅ Workflow Engine Runtime - Task 4.2 ΓÇ║ applies same-area 
filtering when approverAreaConstraint is lowercase alias

    TypeError: Cannot read properties of undefined (reading 'findMany')

    [0m [90m 104 |[39m
     [90m 105 |[39m         [90m// 3. Fetch all active workflows for 
the company[39m
    [31m[1m>[22m[39m[90m 106 |[39m         [36mconst[39m 
workflows [33m=[39m [36mawait[39m 
prisma[33m.[39mworkflow[33m.[39mfindMany({
     [90m     |[39m                                                 
[31m[1m^[22m[39m
     [90m 107 |[39m             where[33m:[39m {
     [90m 108 |[39m                 companyId[33m:[39m 
user[33m.[39mcompanyId[33m,[39m
     [90m 109 |[39m                 isActive[33m:[39m 
[36mtrue[39m[33m,[39m[0m

      at WorkflowResolverService.findMany [as findMatchingPolicies] 
(lib/services/workflow-resolver-service.ts:106:49)
      at Object.<anonymous> 
(tests/workflow/workflow-engine-runtime.test.ts:474:26)

  ΓùÅ Workflow Engine Runtime - Task 5.5 ΓÇ║ matches multi-role 
policies across multiple active projects

    TypeError: Cannot read properties of undefined (reading 'findMany')

    [0m [90m 104 |[39m
     [90m 105 |[39m         [90m// 3. Fetch all active workflows for 
the company[39m
    [31m[1m>[22m[39m[90m 106 |[39m         [36mconst[39m 
workflows [33m=[39m [36mawait[39m 
prisma[33m.[39mworkflow[33m.[39mfindMany({
     [90m     |[39m                                                 
[31m[1m^[22m[39m
     [90m 107 |[39m             where[33m:[39m {
     [90m 108 |[39m                 companyId[33m:[39m 
user[33m.[39mcompanyId[33m,[39m
     [90m 109 |[39m                 isActive[33m:[39m 
[36mtrue[39m[33m,[39m[0m

      at WorkflowResolverService.findMany [as findMatchingPolicies] 
(lib/services/workflow-resolver-service.ts:106:49)
      at Object.<anonymous> 
(tests/workflow/workflow-engine-runtime.test.ts:823:26)

Test Suites: 1 failed, 1 total
Tests:       6 failed, 10 passed, 16 total
Snapshots:   0 total
Time:        0.338 s, estimated 1 s
Ran all test suites matching 
tests/workflow/workflow-engine-runtime.test.ts.
