components/users/project-field-row.tsx(61,13): error TS1003: Identifier expected.
components/users/project-field-row.tsx(61,15): error TS17002: Expected corresponding JSX closing tag for 'div'.
components/users/project-field-row.tsx(63,13): error TS1005: ')' expected.
components/users/project-field-row.tsx(92,13): error TS1003: Identifier expected.
components/users/project-field-row.tsx(120,13): error TS1003: Identifier expected.
components/users/project-field-row.tsx(139,13): error TS1003: Identifier expected.
components/users/project-field-row.tsx(160,13): error TS1003: Identifier expected.
components/users/project-field-row.tsx(177,9): error TS1128: Declaration or statement expected.
components/users/project-field-row.tsx(178,5): error TS1109: Expression expected.
